// Jest Snapshot v1, https://goo.gl/fbAQLP

exports[`ArrowDropUp Icon should render arrow drop up icon 1`] = `
<i
  class="icon"
  style="font-size: 24px;"
>
  <svg
    fill="none"
    height="24"
    viewBox="0 0 24 24"
    width="24"
    xmlns="http://www.w3.org/2000/svg"
  >
    <path
      d="M8.71005 12.29L11.3001 9.7C11.6901 9.31 12.3201 9.31 12.7101 9.7L15.3001 12.29C15.9301 12.92 15.4801 14 14.5901 14H9.41005C8.52005 14 8.08005 12.92 8.71005 12.29Z"
      fill="black"
    />
  </svg>
</i>
`;
