// Jest Snapshot v1, https://goo.gl/fbAQLP

exports[`BookmarkOn Icon should render bookmark on 1`] = `
<i
  class="icon"
  style="font-size: 24px;"
>
  <svg
    fill="none"
    height="24"
    viewBox="0 0 24 24"
    width="24"
    xmlns="http://www.w3.org/2000/svg"
  >
    <path
      d="M17 3H7C5.9 3 5.01 3.9 5.01 5L5 21L12 18L19 21V5C19 3.9 18.1 3 17 3Z"
      fill="black"
    />
  </svg>
</i>
`;
