// Jest Snapshot v1, https://goo.gl/fbAQLP

exports[`Filter Icon should render 1`] = `
<i
  class="icon"
  style="font-size: 24px;"
>
  <svg
    fill="none"
    height="24"
    viewBox="0 0 24 24"
    width="24"
    xmlns="http://www.w3.org/2000/svg"
  >
    <path
      d="M4.24999 5.61C6.56999 8.59 9.99999 13 9.99999 13V18C9.99999 19.1 10.9 20 12 20C13.1 20 14 19.1 14 18V13C14 13 17.43 8.59 19.75 5.61C20.26 4.95 19.79 4 18.95 4H5.03999C4.20999 4 3.73999 4.95 4.24999 5.61Z"
      fill="black"
    />
  </svg>
</i>
`;
